// Jest Snapshot v1, https://goo.gl/fbAQLP

exports[`Grid component renders correctly Grid renders correctly 1`] = `
Array [
  <article
    className="card"
  >
    <img
      alt="Poster"
      height="70%"
      src="https://image.tmdb.org/t/p/w300/AnLCqcH66Ecu8VFmXu3RofK4SMK.jpg"
    />
    <div
      className="onHover"
    >
      <button
        aria-label="Watch"
        className="btnWatch"
        onClick={[Function]}
        type="button"
      >
        <span>
           Watch Now 
        </span>
      </button>
      <button
        aria-label="View Info"
        className="btn ghost"
        onClick={[Function]}
        type="button"
      >
        View Info
      </button>
    </div>
    <div
      className="info"
    >
      <div>
        <h3
          className="title"
        >
          T-34
        </h3>
        <p>
          <span
            className="genre"
          >
            War
          </span>
          <span
            className="genre"
          >
            Drama
          </span>
          <span
            className="genre"
          >
            Adventure
          </span>
          <span
            className="genre"
          >
            Action
          </span>
        </p>
      </div>
      <span
        className="numRating"
      >
        4.5
      </span>
    </div>
  </article>,
  <article
    className="card"
  >
    <img
      alt="Poster"
      height="70%"
      src="https://image.tmdb.org/t/p/w300/svIDTNUoajS8dLEo7EosxvyAsgJ.jpg"
    />
    <div
      className="onHover"
    >
      <button
        aria-label="Watch"
        className="btnWatch"
        onClick={[Function]}
        type="button"
      >
        <span>
           Watch Now 
        </span>
      </button>
      <button
        aria-label="View Info"
        className="btn ghost"
        onClick={[Function]}
        type="button"
      >
        View Info
      </button>
    </div>
    <div
      className="info"
    >
      <div>
        <h3
          className="title"
        >
          Glass
        </h3>
        <p>
          <span
            className="genre"
          >
            Thriller
          </span>
          <span
            className="genre"
          >
            Mystery
          </span>
          <span
            className="genre"
          >
            Drama
          </span>
        </p>
      </div>
      <span
        className="numRating"
      >
        6.8
      </span>
    </div>
  </article>,
  <article
    className="card"
  >
    <img
      alt="Poster"
      height="70%"
      src="https://image.tmdb.org/t/p/w300/AiRfixFcfTkNbn2A73qVJPlpkUo.jpg"
    />
    <div
      className="onHover"
    >
      <button
        aria-label="Watch"
        className="btnWatch"
        onClick={[Function]}
        type="button"
      >
        <span>
           Watch Now 
        </span>
      </button>
      <button
        aria-label="View Info"
        className="btn ghost"
        onClick={[Function]}
        type="button"
      >
        View Info
      </button>
    </div>
    <div
      className="info"
    >
      <div>
        <h3
          className="title"
        >
          Robin Hood
        </h3>
        <p>
          <span
            className="genre"
          >
            Adventure
          </span>
          <span
            className="genre"
          >
            Action
          </span>
          <span
            className="genre"
          >
            Thriller
          </span>
        </p>
      </div>
      <span
        className="numRating"
      >
        5.8
      </span>
    </div>
  </article>,
  <article
    className="card"
  >
    <img
      alt="Poster"
      height="70%"
      src="https://image.tmdb.org/t/p/w300/lHu1wtNaczFPGFDTrjCSzeLPTKN.jpg"
    />
    <div
      className="onHover"
    >
      <button
        aria-label="Watch"
        className="btnWatch"
        onClick={[Function]}
        type="button"
      >
        <span>
           Watch Now 
        </span>
      </button>
      <button
        aria-label="View Info"
        className="btn ghost"
        onClick={[Function]}
        type="button"
      >
        View Info
      </button>
    </div>
    <div
      className="info"
    >
      <div>
        <h3
          className="title"
        >
          Bohemian Rhapsody
        </h3>
        <p>
          <span
            className="genre"
          >
            Drama
          </span>
          <span
            className="genre"
          >
            Music
          </span>
        </p>
      </div>
      <span
        className="numRating"
      >
        8.2
      </span>
    </div>
  </article>,
  <article
    className="card"
  >
    <img
      alt="Poster"
      height="70%"
      src="https://image.tmdb.org/t/p/w300/l76Rgp32z2UxjULApxGXAPpYdAP.jpg"
    />
    <div
      className="onHover"
    >
      <button
        aria-label="Watch"
        className="btnWatch"
        onClick={[Function]}
        type="button"
      >
        <span>
           Watch Now 
        </span>
      </button>
      <button
        aria-label="View Info"
        className="btn ghost"
        onClick={[Function]}
        type="button"
      >
        View Info
      </button>
    </div>
    <div
      className="info"
    >
      <div>
        <h3
          className="title"
        >
          Overlord
        </h3>
        <p>
          <span
            className="genre"
          >
            Horror
          </span>
          <span
            className="genre"
          >
            War
          </span>
          <span
            className="genre"
          >
            Action
          </span>
          <span
            className="genre"
          >
            Science Fiction
          </span>
        </p>
      </div>
      <span
        className="numRating"
      >
        6.9
      </span>
    </div>
  </article>,
  <article
    className="card"
  >
    <img
      alt="Poster"
      height="70%"
      src="https://image.tmdb.org/t/p/w300/8yZAx7tlKRZIg7pJfaPhl00yHIQ.jpg"
    />
    <div
      className="onHover"
    >
      <button
        aria-label="Watch"
        className="btnWatch"
        onClick={[Function]}
        type="button"
      >
        <span>
           Watch Now 
        </span>
      </button>
      <button
        aria-label="View Info"
        className="btn ghost"
        onClick={[Function]}
        type="button"
      >
        View Info
      </button>
    </div>
    <div
      className="info"
    >
      <div>
        <h3
          className="title"
        >
          Escape Room
        </h3>
        <p>
          <span
            className="genre"
          >
            Horror
          </span>
          <span
            className="genre"
          >
            Thriller
          </span>
          <span
            className="genre"
          >
            Action
          </span>
        </p>
      </div>
      <span
        className="numRating"
      >
        6.3
      </span>
    </div>
  </article>,
  <article
    className="card"
  >
    <img
      alt="Poster"
      height="70%"
      src="https://image.tmdb.org/t/p/w300/5Kg76ldv7VxeX9YlcQXiowHgdX6.jpg"
    />
    <div
      className="onHover"
    >
      <button
        aria-label="Watch"
        className="btnWatch"
        onClick={[Function]}
        type="button"
      >
        <span>
           Watch Now 
        </span>
      </button>
      <button
        aria-label="View Info"
        className="btn ghost"
        onClick={[Function]}
        type="button"
      >
        View Info
      </button>
    </div>
    <div
      className="info"
    >
      <div>
        <h3
          className="title"
        >
          Aquaman
        </h3>
        <p>
          <span
            className="genre"
          >
            Action
          </span>
          <span
            className="genre"
          >
            Fantasy
          </span>
          <span
            className="genre"
          >
            Science Fiction
          </span>
          <span
            className="genre"
          >
            Adventure
          </span>
        </p>
      </div>
      <span
        className="numRating"
      >
        6.8
      </span>
    </div>
  </article>,
  <article
    className="card"
  >
    <img
      alt="Poster"
      height="70%"
      src="https://image.tmdb.org/t/p/w300/uXJVpPXxZO4L8Rz3IG1Y8XvZJcg.jpg"
    />
    <div
      className="onHover"
    >
      <button
        aria-label="Watch"
        className="btnWatch"
        onClick={[Function]}
        type="button"
      >
        <span>
           Watch Now 
        </span>
      </button>
      <button
        aria-label="View Info"
        className="btn ghost"
        onClick={[Function]}
        type="button"
      >
        View Info
      </button>
    </div>
    <div
      className="info"
    >
      <div>
        <h3
          className="title"
        >
          Mortal Engines
        </h3>
        <p>
          <span
            className="genre"
          >
            Science Fiction
          </span>
          <span
            className="genre"
          >
            Action
          </span>
          <span
            className="genre"
          >
            Adventure
          </span>
          <span
            className="genre"
          >
            Fantasy
          </span>
          <span
            className="genre"
          >
            Thriller
          </span>
        </p>
      </div>
      <span
        className="numRating"
      >
        6
      </span>
    </div>
  </article>,
  <article
    className="card"
  >
    <img
      alt="Poster"
      height="70%"
      src="https://image.tmdb.org/t/p/w300/v3QyboWRoA4O9RbcsqH8tJMe8EB.jpg"
    />
    <div
      className="onHover"
    >
      <button
        aria-label="Watch"
        className="btnWatch"
        onClick={[Function]}
        type="button"
      >
        <span>
           Watch Now 
        </span>
      </button>
      <button
        aria-label="View Info"
        className="btn ghost"
        onClick={[Function]}
        type="button"
      >
        View Info
      </button>
    </div>
    <div
      className="info"
    >
      <div>
        <h3
          className="title"
        >
          Creed II
        </h3>
        <p>
          <span
            className="genre"
          >
            Drama
          </span>
          <span
            className="genre"
          >
            Action
          </span>
        </p>
      </div>
      <span
        className="numRating"
      >
        6.7
      </span>
    </div>
  </article>,
  <article
    className="card"
  >
    <img
      alt="Poster"
      height="70%"
      src="https://image.tmdb.org/t/p/w300/ij0xoc13hGhrYIlXGGuPXWTh3vi.jpg"
    />
    <div
      className="onHover"
    >
      <button
        aria-label="Watch"
        className="btnWatch"
        onClick={[Function]}
        type="button"
      >
        <span>
           Watch Now 
        </span>
      </button>
      <button
        aria-label="View Info"
        className="btn ghost"
        onClick={[Function]}
        type="button"
      >
        View Info
      </button>
    </div>
    <div
      className="info"
    >
      <div>
        <h3
          className="title"
        >
          How to Train Your Dragon: The Hidden World
        </h3>
        <p>
          <span
            className="genre"
          >
            Animation
          </span>
          <span
            className="genre"
          >
            Family
          </span>
          <span
            className="genre"
          >
            Adventure
          </span>
        </p>
      </div>
      <span
        className="numRating"
      >
        8.1
      </span>
    </div>
  </article>,
  <article
    className="card"
  >
    <img
      alt="Poster"
      height="70%"
      src="https://image.tmdb.org/t/p/w300/wrFpXMNBRj2PBiN4Z5kix51XaIZ.jpg"
    />
    <div
      className="onHover"
    >
      <button
        aria-label="Watch"
        className="btnWatch"
        onClick={[Function]}
        type="button"
      >
        <span>
           Watch Now 
        </span>
      </button>
      <button
        aria-label="View Info"
        className="btn ghost"
        onClick={[Function]}
        type="button"
      >
        View Info
      </button>
    </div>
    <div
      className="info"
    >
      <div>
        <h3
          className="title"
        >
          A Star Is Born
        </h3>
        <p>
          <span
            className="genre"
          >
            Drama
          </span>
          <span
            className="genre"
          >
            Music
          </span>
          <span
            className="genre"
          >
            Romance
          </span>
        </p>
      </div>
      <span
        className="numRating"
      >
        7.4
      </span>
    </div>
  </article>,
  <article
    className="card"
  >
    <img
      alt="Poster"
      height="70%"
      src="https://image.tmdb.org/t/p/w300/t0idiLMalKMj2pLsvqHrOM4LPdQ.jpg"
    />
    <div
      className="onHover"
    >
      <button
        aria-label="Watch"
        className="btnWatch"
        onClick={[Function]}
        type="button"
      >
        <span>
           Watch Now 
        </span>
      </button>
      <button
        aria-label="View Info"
        className="btn ghost"
        onClick={[Function]}
        type="button"
      >
        View Info
      </button>
    </div>
    <div
      className="info"
    >
      <div>
        <h3
          className="title"
        >
          The Mule
        </h3>
        <p>
          <span
            className="genre"
          >
            Crime
          </span>
          <span
            className="genre"
          >
            Drama
          </span>
          <span
            className="genre"
          >
            Thriller
          </span>
        </p>
      </div>
      <span
        className="numRating"
      >
        6.3
      </span>
    </div>
  </article>,
  <article
    className="card"
  >
    <img
      alt="Poster"
      height="70%"
      src="https://image.tmdb.org/t/p/w300/7WsyChQLEftFiDOVTGkv3hFpyyt.jpg"
    />
    <div
      className="onHover"
    >
      <button
        aria-label="Watch"
        className="btnWatch"
        onClick={[Function]}
        type="button"
      >
        <span>
           Watch Now 
        </span>
      </button>
      <button
        aria-label="View Info"
        className="btn ghost"
        onClick={[Function]}
        type="button"
      >
        View Info
      </button>
    </div>
    <div
      className="info"
    >
      <div>
        <h3
          className="title"
        >
          Avengers: Infinity War
        </h3>
        <p>
          <span
            className="genre"
          >
            Adventure
          </span>
          <span
            className="genre"
          >
            Action
          </span>
          <span
            className="genre"
          >
            Fantasy
          </span>
        </p>
      </div>
      <span
        className="numRating"
      >
        8.3
      </span>
    </div>
  </article>,
  <article
    className="card"
  >
    <img
      alt="Poster"
      height="70%"
      src="https://image.tmdb.org/t/p/w300/fw02ONlDhrYjTSZV8XO6hhU3ds3.jpg"
    />
    <div
      className="onHover"
    >
      <button
        aria-label="Watch"
        className="btnWatch"
        onClick={[Function]}
        type="button"
      >
        <span>
           Watch Now 
        </span>
      </button>
      <button
        aria-label="View Info"
        className="btn ghost"
        onClick={[Function]}
        type="button"
      >
        View Info
      </button>
    </div>
    <div
      className="info"
    >
      <div>
        <h3
          className="title"
        >
          Bumblebee
        </h3>
        <p>
          <span
            className="genre"
          >
            Action
          </span>
          <span
            className="genre"
          >
            Adventure
          </span>
          <span
            className="genre"
          >
            Science Fiction
          </span>
        </p>
      </div>
      <span
        className="numRating"
      >
        6.5
      </span>
    </div>
  </article>,
  <article
    className="card"
  >
    <img
      alt="Poster"
      height="70%"
      src="https://image.tmdb.org/t/p/w300/f27RTnWEc2bhVtfSlKmxxypznfR.jpg"
    />
    <div
      className="onHover"
    >
      <button
        aria-label="Watch"
        className="btnWatch"
        onClick={[Function]}
        type="button"
      >
        <span>
           Watch Now 
        </span>
      </button>
      <button
        aria-label="View Info"
        className="btn ghost"
        onClick={[Function]}
        type="button"
      >
        View Info
      </button>
    </div>
    <div
      className="info"
    >
      <div>
        <h3
          className="title"
        >
          Widows
        </h3>
        <p>
          <span
            className="genre"
          >
            Crime
          </span>
          <span
            className="genre"
          >
            Drama
          </span>
          <span
            className="genre"
          >
            Thriller
          </span>
        </p>
      </div>
      <span
        className="numRating"
      >
        6.7
      </span>
    </div>
  </article>,
  <article
    className="card"
  >
    <img
      alt="Poster"
      height="70%"
      src="https://image.tmdb.org/t/p/w300/hgWAcic93phg4DOuQ8NrsgQWiqu.jpg"
    />
    <div
      className="onHover"
    >
      <button
        aria-label="Watch"
        className="btnWatch"
        onClick={[Function]}
        type="button"
      >
        <span>
           Watch Now 
        </span>
      </button>
      <button
        aria-label="View Info"
        className="btn ghost"
        onClick={[Function]}
        type="button"
      >
        View Info
      </button>
    </div>
    <div
      className="info"
    >
      <div>
        <h3
          className="title"
        >
          Serenity
        </h3>
        <p>
          <span
            className="genre"
          >
            Thriller
          </span>
          <span
            className="genre"
          >
            Drama
          </span>
        </p>
      </div>
      <span
        className="numRating"
      >
        5.1
      </span>
    </div>
  </article>,
  <article
    className="card"
  >
    <img
      alt="Poster"
      height="70%"
      src="https://image.tmdb.org/t/p/w300/2uNW4WbgBXL25BAbXGLnLqX71Sw.jpg"
    />
    <div
      className="onHover"
    >
      <button
        aria-label="Watch"
        className="btnWatch"
        onClick={[Function]}
        type="button"
      >
        <span>
           Watch Now 
        </span>
      </button>
      <button
        aria-label="View Info"
        className="btn ghost"
        onClick={[Function]}
        type="button"
      >
        View Info
      </button>
    </div>
    <div
      className="info"
    >
      <div>
        <h3
          className="title"
        >
          Venom
        </h3>
        <p>
          <span
            className="genre"
          >
            Science Fiction
          </span>
          <span
            className="genre"
          >
            Action
          </span>
        </p>
      </div>
      <span
        className="numRating"
      >
        6.6
      </span>
    </div>
  </article>,
  <article
    className="card"
  >
    <img
      alt="Poster"
      height="70%"
      src="https://image.tmdb.org/t/p/w300/hPuZR2bFoV0kuBrA98exWyvTf40.jpg"
    />
    <div
      className="onHover"
    >
      <button
        aria-label="Watch"
        className="btnWatch"
        onClick={[Function]}
        type="button"
      >
        <span>
           Watch Now 
        </span>
      </button>
      <button
        aria-label="View Info"
        className="btn ghost"
        onClick={[Function]}
        type="button"
      >
        View Info
      </button>
    </div>
    <div
      className="info"
    >
      <div>
        <h3
          className="title"
        >
          Can You Ever Forgive Me?
        </h3>
        <p>
          <span
            className="genre"
          >
            Drama
          </span>
          <span
            className="genre"
          >
            Comedy
          </span>
          <span
            className="genre"
          >
            Crime
          </span>
        </p>
      </div>
      <span
        className="numRating"
      >
        7.1
      </span>
    </div>
  </article>,
  <article
    className="card"
  >
    <img
      alt="Poster"
      height="70%"
      src="https://image.tmdb.org/t/p/w300/t0jwlwFUrtkPJoq5JH9YrRVROXZ.jpg"
    />
    <div
      className="onHover"
    >
      <button
        aria-label="Watch"
        className="btnWatch"
        onClick={[Function]}
        type="button"
      >
        <span>
           Watch Now 
        </span>
      </button>
      <button
        aria-label="View Info"
        className="btn ghost"
        onClick={[Function]}
        type="button"
      >
        View Info
      </button>
    </div>
    <div
      className="info"
    >
      <div>
        <h3
          className="title"
        >
          Fate/stay night: Heaven’s Feel II. lost butterfly
        </h3>
        <p>
          <span
            className="genre"
          >
            Animation
          </span>
          <span
            className="genre"
          >
            Action
          </span>
          <span
            className="genre"
          >
            Fantasy
          </span>
          <span
            className="genre"
          >
            Adventure
          </span>
        </p>
      </div>
      <span
        className="numRating"
      >
        3.9
      </span>
    </div>
  </article>,
  <article
    className="card"
  >
    <img
      alt="Poster"
      height="70%"
      src="https://image.tmdb.org/t/p/w300/nJVPgIq3icZMQ26p5uWIFdUZJfL.jpg"
    />
    <div
      className="onHover"
    >
      <button
        aria-label="Watch"
        className="btnWatch"
        onClick={[Function]}
        type="button"
      >
        <span>
           Watch Now 
        </span>
      </button>
      <button
        aria-label="View Info"
        className="btn ghost"
        onClick={[Function]}
        type="button"
      >
        View Info
      </button>
    </div>
    <div
      className="info"
    >
      <div>
        <h3
          className="title"
        >
          LelleBelle
        </h3>
        <p>
          <span
            className="genre"
          >
            Music
          </span>
          <span
            className="genre"
          >
            Romance
          </span>
        </p>
      </div>
      <span
        className="numRating"
      >
        4.4
      </span>
    </div>
  </article>,
]
`;
