// Jest Snapshot v1, https://goo.gl/fbAQLP

exports[`Genres component renders correctly Genres renders correctly 1`] = `
Array [
  <span
    className="genre"
  >
    Action
  </span>,
  <span
    className="genre"
  >
    Adventure
  </span>,
  <span
    className="genre"
  >
    Animation
  </span>,
  <span
    className="genre"
  >
    Comedy
  </span>,
  <span
    className="genre"
  >
    Crime
  </span>,
  <span
    className="genre"
  >
    Documentary
  </span>,
  <span
    className="genre"
  >
    Drama
  </span>,
  <span
    className="genre"
  >
    Family
  </span>,
  <span
    className="genre"
  >
    Fantasy
  </span>,
  <span
    className="genre"
  >
    History
  </span>,
  <span
    className="genre"
  >
    Horror
  </span>,
  <span
    className="genre"
  >
    Music
  </span>,
  <span
    className="genre"
  >
    Mystery
  </span>,
  <span
    className="genre"
  >
    Romance
  </span>,
  <span
    className="genre"
  >
    Science Fiction
  </span>,
  <span
    className="genre"
  >
    TV Movie
  </span>,
  <span
    className="genre"
  >
    Thriller
  </span>,
  <span
    className="genre"
  >
    War
  </span>,
  <span
    className="genre"
  >
    Western
  </span>,
]
`;
