// Jest Snapshot v1, https://goo.gl/fbAQLP

exports[`SearchForm component renders correctly SearchForm renders correctly 1`] = `
<form
  className="searchForm"
  onSubmit={[Function]}
>
  <input
    aria-label="Search Input"
    className="input"
    onBlur={[Function]}
    onChange={[Function]}
    placeholder="Search..."
    type="search"
    value=""
  />
  <button
    aria-label="Search Button"
    className="searchBtn"
    type="submit"
  />
</form>
`;
