// Jest Snapshot v1, https://goo.gl/fbAQLP

exports[`Select component Select renders correctly 1`] = `
<li
  className="navItem"
>
  <select
    aria-label="Genres"
    className="selectGenre"
    name="selectGenre"
    onChange={[Function]}
    value=""
  >
    <option
      disabled={true}
      hidden={true}
      value=""
    >
      Genre
    </option>
  </select>
</li>
`;
